// Jest Snapshot v1, https://goo.gl/fbAQLP

exports[`renders without crashing 1`] = `
ShallowWrapper {
  Symbol(enzyme.__root__): [Circular],
  Symbol(enzyme.__unrendered__): <GridItem
    id={18276862}
    title="The Secretive Business of Facial-Recognition Software in Retail Stores"
    url="http://nymag.com/intelligencer/2018/10/retailers-are-using-facial-recognition-technology-too.html"
/>,
  Symbol(enzyme.__renderer__): Object {
    "batchedUpdates": [Function],
    "getNode": [Function],
    "render": [Function],
    "simulateError": [Function],
    "simulateEvent": [Function],
    "unmount": [Function],
  },
  Symbol(enzyme.__node__): Object {
    "instance": null,
    "key": undefined,
    "nodeType": "host",
    "props": Object {
      "children": <styled.li>
        <styled.div>
                <styled.img
                        src="https://miro.medium.com/max/1176/1*F9RzuXseG1VrTjFJd403gw.png"
                />
                <styled.div>
                        <styled.h3>
                                The Secretive Business of Facial-Recognition Software in Retail Stores
                        </styled.h3>
                        <styled.div>
                                // 
                                nymag.com
                        </styled.div>
                </styled.div>
        </styled.div>
</styled.li>,
      "href": "http://nymag.com/intelligencer/2018/10/retailers-are-using-facial-recognition-technology-too.html",
      "rel": "nofollow noreferrer nofollow",
      "target": "_blank",
    },
    "ref": null,
    "rendered": Object {
      "instance": null,
      "key": undefined,
      "nodeType": "class",
      "props": Object {
        "children": <styled.div>
          <styled.img
                    src="https://miro.medium.com/max/1176/1*F9RzuXseG1VrTjFJd403gw.png"
          />
          <styled.div>
                    <styled.h3>
                              The Secretive Business of Facial-Recognition Software in Retail Stores
                    </styled.h3>
                    <styled.div>
                              // 
                              nymag.com
                    </styled.div>
          </styled.div>
</styled.div>,
      },
      "ref": null,
      "rendered": Object {
        "instance": null,
        "key": undefined,
        "nodeType": "class",
        "props": Object {
          "children": Array [
            <styled.img
              src="https://miro.medium.com/max/1176/1*F9RzuXseG1VrTjFJd403gw.png"
/>,
            <styled.div>
              <styled.h3>
                            The Secretive Business of Facial-Recognition Software in Retail Stores
              </styled.h3>
              <styled.div>
                            // 
                            nymag.com
              </styled.div>
</styled.div>,
          ],
        },
        "ref": null,
        "rendered": Array [
          Object {
            "instance": null,
            "key": undefined,
            "nodeType": "class",
            "props": Object {
              "src": "https://miro.medium.com/max/1176/1*F9RzuXseG1VrTjFJd403gw.png",
            },
            "ref": null,
            "rendered": null,
            "type": [Function],
          },
          Object {
            "instance": null,
            "key": undefined,
            "nodeType": "class",
            "props": Object {
              "children": Array [
                <styled.h3>
                  The Secretive Business of Facial-Recognition Software in Retail Stores
</styled.h3>,
                <styled.div>
                  // 
                  nymag.com
</styled.div>,
              ],
            },
            "ref": null,
            "rendered": Array [
              Object {
                "instance": null,
                "key": undefined,
                "nodeType": "class",
                "props": Object {
                  "children": "The Secretive Business of Facial-Recognition Software in Retail Stores",
                },
                "ref": null,
                "rendered": "The Secretive Business of Facial-Recognition Software in Retail Stores",
                "type": [Function],
              },
              Object {
                "instance": null,
                "key": undefined,
                "nodeType": "class",
                "props": Object {
                  "children": Array [
                    "// ",
                    "nymag.com",
                  ],
                },
                "ref": null,
                "rendered": Array [
                  "// ",
                  "nymag.com",
                ],
                "type": [Function],
              },
            ],
            "type": [Function],
          },
        ],
        "type": [Function],
      },
      "type": [Function],
    },
    "type": "a",
  },
  Symbol(enzyme.__nodes__): Array [
    Object {
      "instance": null,
      "key": undefined,
      "nodeType": "host",
      "props": Object {
        "children": <styled.li>
          <styled.div>
                    <styled.img
                              src="https://miro.medium.com/max/1176/1*F9RzuXseG1VrTjFJd403gw.png"
                    />
                    <styled.div>
                              <styled.h3>
                                        The Secretive Business of Facial-Recognition Software in Retail Stores
                              </styled.h3>
                              <styled.div>
                                        // 
                                        nymag.com
                              </styled.div>
                    </styled.div>
          </styled.div>
</styled.li>,
        "href": "http://nymag.com/intelligencer/2018/10/retailers-are-using-facial-recognition-technology-too.html",
        "rel": "nofollow noreferrer nofollow",
        "target": "_blank",
      },
      "ref": null,
      "rendered": Object {
        "instance": null,
        "key": undefined,
        "nodeType": "class",
        "props": Object {
          "children": <styled.div>
            <styled.img
                        src="https://miro.medium.com/max/1176/1*F9RzuXseG1VrTjFJd403gw.png"
            />
            <styled.div>
                        <styled.h3>
                                    The Secretive Business of Facial-Recognition Software in Retail Stores
                        </styled.h3>
                        <styled.div>
                                    // 
                                    nymag.com
                        </styled.div>
            </styled.div>
</styled.div>,
        },
        "ref": null,
        "rendered": Object {
          "instance": null,
          "key": undefined,
          "nodeType": "class",
          "props": Object {
            "children": Array [
              <styled.img
                src="https://miro.medium.com/max/1176/1*F9RzuXseG1VrTjFJd403gw.png"
/>,
              <styled.div>
                <styled.h3>
                                The Secretive Business of Facial-Recognition Software in Retail Stores
                </styled.h3>
                <styled.div>
                                // 
                                nymag.com
                </styled.div>
</styled.div>,
            ],
          },
          "ref": null,
          "rendered": Array [
            Object {
              "instance": null,
              "key": undefined,
              "nodeType": "class",
              "props": Object {
                "src": "https://miro.medium.com/max/1176/1*F9RzuXseG1VrTjFJd403gw.png",
              },
              "ref": null,
              "rendered": null,
              "type": [Function],
            },
            Object {
              "instance": null,
              "key": undefined,
              "nodeType": "class",
              "props": Object {
                "children": Array [
                  <styled.h3>
                    The Secretive Business of Facial-Recognition Software in Retail Stores
</styled.h3>,
                  <styled.div>
                    // 
                    nymag.com
</styled.div>,
                ],
              },
              "ref": null,
              "rendered": Array [
                Object {
                  "instance": null,
                  "key": undefined,
                  "nodeType": "class",
                  "props": Object {
                    "children": "The Secretive Business of Facial-Recognition Software in Retail Stores",
                  },
                  "ref": null,
                  "rendered": "The Secretive Business of Facial-Recognition Software in Retail Stores",
                  "type": [Function],
                },
                Object {
                  "instance": null,
                  "key": undefined,
                  "nodeType": "class",
                  "props": Object {
                    "children": Array [
                      "// ",
                      "nymag.com",
                    ],
                  },
                  "ref": null,
                  "rendered": Array [
                    "// ",
                    "nymag.com",
                  ],
                  "type": [Function],
                },
              ],
              "type": [Function],
            },
          ],
          "type": [Function],
        },
        "type": [Function],
      },
      "type": "a",
    },
  ],
  Symbol(enzyme.__options__): Object {
    "adapter": ReactSixteenAdapter {
      "options": Object {
        "enableComponentDidUpdateOnSetState": true,
        "lifecycles": Object {
          "componentDidUpdate": Object {
            "onSetState": true,
          },
          "getDerivedStateFromProps": true,
          "getSnapshotBeforeUpdate": true,
          "setState": Object {
            "skipsComponentDidUpdateOnNullish": true,
          },
        },
      },
    },
  },
}
`;
