// Jest Snapshot v1, https://goo.gl/fbAQLP

exports[`App Component renders without crashing 1`] = `
ShallowWrapper {
  Symbol(enzyme.__root__): [Circular],
  Symbol(enzyme.__unrendered__): <Nav
    layout="list"
    setLayout={[Function]}
    setTheme={[Function]}
    theme="dark"
/>,
  Symbol(enzyme.__renderer__): Object {
    "batchedUpdates": [Function],
    "getNode": [Function],
    "render": [Function],
    "simulateError": [Function],
    "simulateEvent": [Function],
    "unmount": [Function],
  },
  Symbol(enzyme.__node__): Object {
    "instance": null,
    "key": undefined,
    "nodeType": "host",
    "props": Object {
      "children": Array [
        <styled.header>
          <styled.div>
                    <styled.div>
                              <styled.a
                                        href="https://gitconnected.com"
                                        target="_blank"
                              >
                                        <styled.img
                                                  src="https://gitconnected.com/public/meta/favicon/gc-fav.png"
                                        />
                                         gitconnected
                              </styled.a>
                    </styled.div>
                    <styled.div>
                              <styled.div
                                        onClick={[Function]}
                              >
                                        <i
                                                  className="fas fa-th-large"
                                        />
                              </styled.div>
                              <styled.div
                                        onClick={[Function]}
                              >
                                        <i
                                                  className="fas fa-sun"
                                        />
                              </styled.div>
                    </styled.div>
          </styled.div>
</styled.header>,
        <styled.div />,
      ],
    },
    "ref": null,
    "rendered": Array [
      Object {
        "instance": null,
        "key": undefined,
        "nodeType": "class",
        "props": Object {
          "children": <styled.div>
            <styled.div>
                        <styled.a
                                    href="https://gitconnected.com"
                                    target="_blank"
                        >
                                    <styled.img
                                                src="https://gitconnected.com/public/meta/favicon/gc-fav.png"
                                    />
                                     gitconnected
                        </styled.a>
            </styled.div>
            <styled.div>
                        <styled.div
                                    onClick={[Function]}
                        >
                                    <i
                                                className="fas fa-th-large"
                                    />
                        </styled.div>
                        <styled.div
                                    onClick={[Function]}
                        >
                                    <i
                                                className="fas fa-sun"
                                    />
                        </styled.div>
            </styled.div>
</styled.div>,
        },
        "ref": null,
        "rendered": Object {
          "instance": null,
          "key": undefined,
          "nodeType": "class",
          "props": Object {
            "children": Array [
              <styled.div>
                <styled.a
                                href="https://gitconnected.com"
                                target="_blank"
                >
                                <styled.img
                                                src="https://gitconnected.com/public/meta/favicon/gc-fav.png"
                                />
                                 gitconnected
                </styled.a>
</styled.div>,
              <styled.div>
                <styled.div
                                onClick={[Function]}
                >
                                <i
                                                className="fas fa-th-large"
                                />
                </styled.div>
                <styled.div
                                onClick={[Function]}
                >
                                <i
                                                className="fas fa-sun"
                                />
                </styled.div>
</styled.div>,
            ],
          },
          "ref": null,
          "rendered": Array [
            Object {
              "instance": null,
              "key": undefined,
              "nodeType": "class",
              "props": Object {
                "children": <styled.a
                  href="https://gitconnected.com"
                  target="_blank"
>
                  <styled.img
                                    src="https://gitconnected.com/public/meta/favicon/gc-fav.png"
                  />
                   gitconnected
</styled.a>,
              },
              "ref": null,
              "rendered": Object {
                "instance": null,
                "key": undefined,
                "nodeType": "class",
                "props": Object {
                  "children": Array [
                    <styled.img
                      src="https://gitconnected.com/public/meta/favicon/gc-fav.png"
/>,
                    " gitconnected",
                  ],
                  "href": "https://gitconnected.com",
                  "target": "_blank",
                },
                "ref": null,
                "rendered": Array [
                  Object {
                    "instance": null,
                    "key": undefined,
                    "nodeType": "class",
                    "props": Object {
                      "src": "https://gitconnected.com/public/meta/favicon/gc-fav.png",
                    },
                    "ref": null,
                    "rendered": null,
                    "type": [Function],
                  },
                  " gitconnected",
                ],
                "type": [Function],
              },
              "type": [Function],
            },
            Object {
              "instance": null,
              "key": undefined,
              "nodeType": "class",
              "props": Object {
                "children": Array [
                  <styled.div
                    onClick={[Function]}
>
                    <i
                                        className="fas fa-th-large"
                    />
</styled.div>,
                  <styled.div
                    onClick={[Function]}
>
                    <i
                                        className="fas fa-sun"
                    />
</styled.div>,
                ],
              },
              "ref": null,
              "rendered": Array [
                Object {
                  "instance": null,
                  "key": undefined,
                  "nodeType": "class",
                  "props": Object {
                    "children": <i
                      className="fas fa-th-large"
/>,
                    "onClick": [Function],
                  },
                  "ref": null,
                  "rendered": Object {
                    "instance": null,
                    "key": undefined,
                    "nodeType": "host",
                    "props": Object {
                      "className": "fas fa-th-large",
                    },
                    "ref": null,
                    "rendered": null,
                    "type": "i",
                  },
                  "type": [Function],
                },
                Object {
                  "instance": null,
                  "key": undefined,
                  "nodeType": "class",
                  "props": Object {
                    "children": <i
                      className="fas fa-sun"
/>,
                    "onClick": [Function],
                  },
                  "ref": null,
                  "rendered": Object {
                    "instance": null,
                    "key": undefined,
                    "nodeType": "host",
                    "props": Object {
                      "className": "fas fa-sun",
                    },
                    "ref": null,
                    "rendered": null,
                    "type": "i",
                  },
                  "type": [Function],
                },
              ],
              "type": [Function],
            },
          ],
          "type": [Function],
        },
        "type": [Function],
      },
      Object {
        "instance": null,
        "key": undefined,
        "nodeType": "class",
        "props": Object {},
        "ref": null,
        "rendered": null,
        "type": [Function],
      },
    ],
    "type": "div",
  },
  Symbol(enzyme.__nodes__): Array [
    Object {
      "instance": null,
      "key": undefined,
      "nodeType": "host",
      "props": Object {
        "children": Array [
          <styled.header>
            <styled.div>
                        <styled.div>
                                    <styled.a
                                                href="https://gitconnected.com"
                                                target="_blank"
                                    >
                                                <styled.img
                                                            src="https://gitconnected.com/public/meta/favicon/gc-fav.png"
                                                />
                                                 gitconnected
                                    </styled.a>
                        </styled.div>
                        <styled.div>
                                    <styled.div
                                                onClick={[Function]}
                                    >
                                                <i
                                                            className="fas fa-th-large"
                                                />
                                    </styled.div>
                                    <styled.div
                                                onClick={[Function]}
                                    >
                                                <i
                                                            className="fas fa-sun"
                                                />
                                    </styled.div>
                        </styled.div>
            </styled.div>
</styled.header>,
          <styled.div />,
        ],
      },
      "ref": null,
      "rendered": Array [
        Object {
          "instance": null,
          "key": undefined,
          "nodeType": "class",
          "props": Object {
            "children": <styled.div>
              <styled.div>
                            <styled.a
                                          href="https://gitconnected.com"
                                          target="_blank"
                            >
                                          <styled.img
                                                        src="https://gitconnected.com/public/meta/favicon/gc-fav.png"
                                          />
                                           gitconnected
                            </styled.a>
              </styled.div>
              <styled.div>
                            <styled.div
                                          onClick={[Function]}
                            >
                                          <i
                                                        className="fas fa-th-large"
                                          />
                            </styled.div>
                            <styled.div
                                          onClick={[Function]}
                            >
                                          <i
                                                        className="fas fa-sun"
                                          />
                            </styled.div>
              </styled.div>
</styled.div>,
          },
          "ref": null,
          "rendered": Object {
            "instance": null,
            "key": undefined,
            "nodeType": "class",
            "props": Object {
              "children": Array [
                <styled.div>
                  <styled.a
                                    href="https://gitconnected.com"
                                    target="_blank"
                  >
                                    <styled.img
                                                      src="https://gitconnected.com/public/meta/favicon/gc-fav.png"
                                    />
                                     gitconnected
                  </styled.a>
</styled.div>,
                <styled.div>
                  <styled.div
                                    onClick={[Function]}
                  >
                                    <i
                                                      className="fas fa-th-large"
                                    />
                  </styled.div>
                  <styled.div
                                    onClick={[Function]}
                  >
                                    <i
                                                      className="fas fa-sun"
                                    />
                  </styled.div>
</styled.div>,
              ],
            },
            "ref": null,
            "rendered": Array [
              Object {
                "instance": null,
                "key": undefined,
                "nodeType": "class",
                "props": Object {
                  "children": <styled.a
                    href="https://gitconnected.com"
                    target="_blank"
>
                    <styled.img
                                        src="https://gitconnected.com/public/meta/favicon/gc-fav.png"
                    />
                     gitconnected
</styled.a>,
                },
                "ref": null,
                "rendered": Object {
                  "instance": null,
                  "key": undefined,
                  "nodeType": "class",
                  "props": Object {
                    "children": Array [
                      <styled.img
                        src="https://gitconnected.com/public/meta/favicon/gc-fav.png"
/>,
                      " gitconnected",
                    ],
                    "href": "https://gitconnected.com",
                    "target": "_blank",
                  },
                  "ref": null,
                  "rendered": Array [
                    Object {
                      "instance": null,
                      "key": undefined,
                      "nodeType": "class",
                      "props": Object {
                        "src": "https://gitconnected.com/public/meta/favicon/gc-fav.png",
                      },
                      "ref": null,
                      "rendered": null,
                      "type": [Function],
                    },
                    " gitconnected",
                  ],
                  "type": [Function],
                },
                "type": [Function],
              },
              Object {
                "instance": null,
                "key": undefined,
                "nodeType": "class",
                "props": Object {
                  "children": Array [
                    <styled.div
                      onClick={[Function]}
>
                      <i
                                            className="fas fa-th-large"
                      />
</styled.div>,
                    <styled.div
                      onClick={[Function]}
>
                      <i
                                            className="fas fa-sun"
                      />
</styled.div>,
                  ],
                },
                "ref": null,
                "rendered": Array [
                  Object {
                    "instance": null,
                    "key": undefined,
                    "nodeType": "class",
                    "props": Object {
                      "children": <i
                        className="fas fa-th-large"
/>,
                      "onClick": [Function],
                    },
                    "ref": null,
                    "rendered": Object {
                      "instance": null,
                      "key": undefined,
                      "nodeType": "host",
                      "props": Object {
                        "className": "fas fa-th-large",
                      },
                      "ref": null,
                      "rendered": null,
                      "type": "i",
                    },
                    "type": [Function],
                  },
                  Object {
                    "instance": null,
                    "key": undefined,
                    "nodeType": "class",
                    "props": Object {
                      "children": <i
                        className="fas fa-sun"
/>,
                      "onClick": [Function],
                    },
                    "ref": null,
                    "rendered": Object {
                      "instance": null,
                      "key": undefined,
                      "nodeType": "host",
                      "props": Object {
                        "className": "fas fa-sun",
                      },
                      "ref": null,
                      "rendered": null,
                      "type": "i",
                    },
                    "type": [Function],
                  },
                ],
                "type": [Function],
              },
            ],
            "type": [Function],
          },
          "type": [Function],
        },
        Object {
          "instance": null,
          "key": undefined,
          "nodeType": "class",
          "props": Object {},
          "ref": null,
          "rendered": null,
          "type": [Function],
        },
      ],
      "type": "div",
    },
  ],
  Symbol(enzyme.__options__): Object {
    "adapter": ReactSixteenAdapter {
      "options": Object {
        "enableComponentDidUpdateOnSetState": true,
        "lifecycles": Object {
          "componentDidUpdate": Object {
            "onSetState": true,
          },
          "getDerivedStateFromProps": true,
          "getSnapshotBeforeUpdate": true,
          "setState": Object {
            "skipsComponentDidUpdateOnNullish": true,
          },
        },
      },
    },
  },
}
`;
